// Jest Snapshot v1, https://goo.gl/fbAQLP

exports[`Portal renders correctly 1`] = `
<View
  pointerEvents="box-none"
  style={
    Object {
      "bottom": 0,
      "left": 0,
      "position": "absolute",
      "right": 0,
      "top": 0,
    }
  }
>
  <Text>
    Modal 1
  </Text>
  <Text>
    Modal 2
  </Text>
</View>
`;

exports[`Portal renders correctly 2`] = `
Array [
  "__modal_1",
  "__modal_2",
]
`;
